Microchip MPLAB XC8 Compiler V2.32

Linker command line:

-W-3 --edf=C:\Program Files\Microchip\xc8\v2.32\pic\dat\en_msgs.txt -cn \
  -h+dist/default/production\BUV_0-10V.X.production.sym \
  --cmf=dist/default/production\BUV_0-10V.X.production.cmf -z -Q10F322 \
  -oC:\Users\buzar\AppData\Local\Temp\xcAsasg.4 --defsym=__MPLAB_BUILD=1 \
  -Mdist/default/production/BUV_0-10V.X.production.map -E1 \
  -ver=XC8 Compiler --acfsm=1493 -ASTACK=04Eh-07Dh -pstack=STACK \
  -ACODE=00h-01FFh -ASTRCODE=00h-01FFh -ASTRING=00h-0FFhx2 \
  -ACONST=00h-0FFhx2 -AENTRY=00h-0FFhx2 -ABANK0=040h-07Dh -ARAM=040h-07Dh \
  -AABS1=040h-07Fh -ACOMMON=07Eh-07Fh -ASFR0=00h-03Fh \
  -ACONFIG=02007h-02007h -DCONFIG=2 -AIDLOC=02000h-02003h -DIDLOC=2 \
  -DCODE=2 -DSTRCODE=2 -DSTRING=2 -DCONST=2 -DENTRY=2 \
  -preset_vec=00h,intentry=04h,init,end_init -ppowerup=CODE -pcinit=CODE \
  -pfunctab=ENTRY -k C:\Users\buzar\AppData\Local\Temp\xcAsasg.o \
  dist/default/production\BUV_0-10V.X.production.o 

Object code version is 3.11

Machine type is 10F322



                Name                               Link     Load   Length Selector   Space Scale
C:\Users\buzar\AppData\Local\Temp\xcAsasg.o
                end_init                              A        A        1        8       0
                reset_vec                             0        0        1        0       0
                config                             2007     2007        1        0       4
dist/default/production\BUV_0-10V.X.production.o
                cinit                                 B        B        B        8       0
                intentry                              4        4        6        8       0
                config                             2007     2007        1        0       4
                text2                                8B       8B       1B        8       0
                text1                                A6       A6        E        8       0
                maintext                             16       16       75        8       0
                cstackBANK0                          47       47        6       40       1
                dataBANK0                            4D       4D        1       40       1
                bssBANK0                             40       40        7       40       1
                idataBANK0                           B4       B4        1        8       0

TOTAL           Name                               Link     Load   Length     Space
        CLASS   STACK          

        CLASS   CODE           
                end_init                              A        A        1         0
                cinit                                 B        B        B         0
                intentry                              4        4        6         0
                reset_vec                             0        0        1         0
                text2                                8B       8B       1B         0
                text1                                A6       A6        E         0
                maintext                             16       16       75         0
                idataBANK0                           B4       B4        1         0

        CLASS   STRCODE        

        CLASS   STRING         

        CLASS   CONST          

        CLASS   ENTRY          

        CLASS   BANK0          
                cstackBANK0                          47       47        6         1
                dataBANK0                            4D       4D        1         1
                bssBANK0                             40       40        7         1

        CLASS   RAM            

        CLASS   ABS1           
                abs_s1                               7E       7E        2         1

        CLASS   COMMON         

        CLASS   SFR0           

        CLASS   CONFIG         
                config                             2007     2007        1         4

        CLASS   IDLOC          

        CLASS   EEDATA         



SEGMENTS        Name                           Load    Length   Top    Selector   Space  Class     Delta

                reset_vec                      000000  000001  000001         0       0  CODE        2
                intentry                       000004  0000B1  0000B5         8       0  CODE        2
                bssBANK0                       000040  00000E  00004E        40       1  BANK0       1


UNUSED ADDRESS RANGES

        Name                Unused          Largest block    Delta
        BANK0            004E-007D             30           1
        CODE             0001-0003              3           2
                         00B5-01FF            14B
        CONST            0001-0003              3           2
                         00B5-01FF             4B
        ENTRY            0001-0003              3           2
                         00B5-01FF             4B
        IDLOC            2000-2003              4           2
        RAM              004E-007D             30           1
        SFR0             0000-003F             40           1
        STACK            004E-007D             30           1
        STRCODE          0001-0003              3           2
                         00B5-01FF            14B
        STRING           0001-0003              3           2
                         00B5-01FF             4B

                                  Symbol Table

_ANSELA                  (abs)        0008
_GIE                     (abs)        005F
_NoCommandCounter        bssBANK0     0040
_OSCCON                  (abs)        0010
_PEIE                    (abs)        005E
_PORTA                   (abs)        0005
_PR2                     (abs)        0012
_PWM_counter             bssBANK0     0045
_PWM_high                bssBANK0     0046
_PWM_period              dataBANK0    004D
_PWM_set                 bssBANK0     0044
_RA0                     (abs)        0028
_RA1                     (abs)        0029
_RA2                     (abs)        002A
_RA3                     (abs)        002B
_T2CON                   (abs)        0013
_TMR2IE                  (abs)        0069
_TMR2IF                  (abs)        0061
_TRISA                   (abs)        0006
_WPUA                    (abs)        0009
__Habs1                  abs1         0000
__Hbank0                 bank0        0000
__HbssBANK0              bssBANK0     0000
__Hcinit                 cinit        0016
__Hclrtext               clrtext      0000
__Hcode                  code         0000
__Hcommon                common       0000
__Hconfig                config       2008
__HcstackBANK0           cstackBANK0  0000
__HcstackCOMMON          cstackCOMMON 0000
__HdataBANK0             dataBANK0    0000
__Heeprom_data           eeprom_data  0000
__Hend_init              end_init     000B
__Hfunctab               functab      0000
__HidataBANK0            idataBANK0   0000
__Hinit                  init         000A
__Hintentry              intentry     000A
__Hmaintext              maintext     0000
__Hpowerup               powerup      0000
__Hram                   ram          0000
__Hreset_vec             reset_vec    0001
__Hsfr0                  sfr0         0000
__Hspace_0               (abs)        00B5
__Hspace_1               (abs)        004E
__Hspace_2               (abs)        0000
__Hspace_3               (abs)        0000
__Hspace_4               (abs)        400F
__Hstack                 stack        0000
__Hstrings               strings      0000
__Htext                  text         0000
__Labs1                  abs1         0000
__Lbank0                 bank0        0000
__LbssBANK0              bssBANK0     0000
__Lcinit                 cinit        000B
__Lclrtext               clrtext      0000
__Lcode                  code         0000
__Lcommon                common       0000
__Lconfig                config       0000
__LcstackBANK0           cstackBANK0  0000
__LcstackCOMMON          cstackCOMMON 0000
__LdataBANK0             dataBANK0    0000
__Leeprom_data           eeprom_data  0000
__Lend_init              end_init     000A
__Lfunctab               functab      0000
__LidataBANK0            idataBANK0   0000
__Linit                  init         000A
__Lintentry              intentry     0004
__Lmaintext              maintext     0000
__Lpowerup               powerup      0000
__Lram                   ram          0000
__Lreset_vec             reset_vec    0000
__Lsfr0                  sfr0         0000
__Lspace_0               (abs)        0000
__Lspace_1               (abs)        0000
__Lspace_2               (abs)        0000
__Lspace_3               (abs)        0000
__Lspace_4               (abs)        0000
__Lstack                 stack        0000
__Lstrings               strings      0000
__Ltext                  text         0000
__S0                     (abs)        00B5
__S1                     (abs)        004E
__S2                     (abs)        0000
___int_sp                stack        0000
___latbits               (abs)        0000
___sp                    stack        0000
___stackhi               (abs)        0000
___stacklo               (abs)        0000
__end_of__initialization cinit        0014
__end_of_init            text1        00B4
__end_of_main            maintext     008B
__end_of_tmr2Int         text2        00A6
__initialization         cinit        000B
__pbssBANK0              bssBANK0     0040
__pcstackBANK0           cstackBANK0  0047
__pcstackCOMMON          cstackCOMMON 0000
__pdataBANK0             dataBANK0    004D
__pidataBANK0            idataBANK0   00B4
__pintentry              intentry     0004
__pmaintext              maintext     0016
__ptext1                 text1        00A6
__ptext2                 text2        008B
__size_of_init           (abs)        0000
__size_of_main           (abs)        0000
__size_of_tmr2Int        (abs)        0000
_init                    text1        00A6
_main                    maintext     0016
_tmr2Int                 text2        008B
btemp                    (abs)        007E
end_of_initialization    cinit        0014
interrupt_function       intentry     0004
intlevel0                functab      0000
intlevel1                functab      0000
intlevel2                functab      0000
intlevel3                functab      0000
intlevel4                functab      0000
intlevel5                functab      0000
reset_vec                reset_vec    0000
saved_w                  (abs)        007E
start                    init         000A
start_initialization     cinit        000B
wtemp0                   (abs)        007E


MODULE INFORMATION

Module		Function		Class		Link	Load	Size
functions.c
		_init          		CODE           	00A6	0000	14

functions.c estimated size: 14

shared
		__initialization		CODE           	000B	0000	9

shared estimated size: 9

main.c
		_tmr2Int       		CODE           	008B	0000	27
		_main          		CODE           	0016	0000	117

main.c estimated size: 144

